---
source: tui/tests/home_snapshot.rs
expression: screen
snapshot_kind: text
---
[
    " Glues - TUI note-taking app offering co",
    "                                        ",
    "                                        ",
    "                                        ",
    "                                        ",
    "                                        ",
    "                                        ",
    "                                        ",
    "                                        ",
    "                                        ",
    "                                        ",
    "                                        ",
    "                                        ",
    "                                        ",
    "                                        ",
    "                                        ",
    "                                        ",
    "                                        ",
    "                                        ",
    "                                        ",
    "                                        ",
    "                                        ",
    "                                        ",
    "                                        ",
    "                                        ",
    "                                        ",
    "                                        ",
    "                                        ",
    "                                        ",
    "                                        ",
    "   ",
    "",
    "",
    "",
    "",
    "",
    "",
    "",
    "",
    "",
]
