---
source: tui/tests/home_snapshot.rs
expression: screen
snapshot_kind: text
---
[
    " Glues - TUI note-taking app offering complete data control an\u{e0be} [?] Show keymap",
    "",
    "",
    "",
    "",
    "",
    "",
    "",
    "",
    "",
    "",
    "",
    "",
    "",
    "",
    "",
    "",
    "",
    "",
    "",
    "",
    "",
    "",
    "",
]
