---
source: tui/tests/notebook_breadcrumb_failures.rs
assertion_line: 129
expression: text
snapshot_kind: text
---
 Directory 'Dst' selected                                                                              [?] Show keymap 
[Browser]                                   ▐ 󱇗 Sample Note  󱇗 Moving                                                   
 󰝰 Notes                                    ▐ 1 Hi :D                                                                   
   󰝰 Src                                    ▐                                                                           
     󱇗 Moving                               ▐                                                                           
   󰉋 Dst                                    ▐                                                                           
                                            ▐                                                                           
                                            ▐                                                                           
                                            ▐                                                                           
                                            ▐                                                                           
                                            ▐                                                                           
                                            ▐                                                                           
                                            ▐                                                                           
                                            ▐                                                                           
                                            ▐                                                                           
                                            ▐                                                                           
                                            ▐                                                                           
                                            ▐                                                                           
                                            ▐                                                                           
                                            ▐                                                                           
                                            ▐                                                                           
                                            ▐                                                                           
                                            ▐                                                                           
                                            ▐                                                                           
                                            ▐                                                                           
                                            ▐                                                                           
                                            ▐                                                                           
                                            ▐                                                                           
                                            ▐                                                                           
                                            ▐                                                                           
                                            ▐                                                                           
                                            ▐                                                                           
                                            ▐                                                                           
                                            ▐                                                                           
                                            ▐                                                                           
                                            ▐                                                                           
                                            ▐                                                                           
                                            ▐                                                                           
                                            ▐                                                                           
                                            ▐          󰝰 Notes  󰝰 Dst  󱇗 Sample Note 
