---
source: tui/tests/notebook_views.rs
assertion_line: 107
expression: text
snapshot_kind: text
---
 Note 'SecondSample Note' normal mode                                                                  [?] Show keymap 
[Browser]                                   ▐ 󱇗 SecondSample Note                                                       
 󰝰 Notes                                    ▐ 1 XHted                                                                   
   󰉋 Dir                                    ▐ 2 jl :D                                                                   
   󱇗 SecondSample Note                      ▐                                                                           
                                            ▐                                                                           
                                            ▐                                                                           
                                            ▐                                                                           
                                            ▐                                                                           
                                            ▐                                                                           
                                            ▐                                                                           
                                            ▐                                                                           
                                            ▐                                                                           
                                            ▐                                                                           
                                            ▐                                                                           
                                            ▐                                                                           
                                            ▐                                                                           
                                            ▐                                                                           
                                            ▐                                                                           
                                            ▐                                                                           
                                            ▐                                                                           
                                            ▐                                                                           
                                            ▐                                                                           
                                            ▐                                                                           
                                            ▐                                                                           
                                            ▐                                                                           
                                            ▐                                                                           
                                            ▐                                                                           
                                            ▐                                                                           
                                            ▐                                                                           
                                            ▐                                                                           
                                            ▐                                                                           
                                            ▐                                                                           
                                            ▐                                                                           
                                            ▐                                                                           
                                            ▐                                                                           
                                            ▐                                                                           
                                            ▐                                                                           
                                            ▐                                                                           
                                            ▐ NORMAL   󰝰 Notes  󱇗 SecondSample Note 
