---
source: tui/tests/notebook_tree.rs
assertion_line: 137
expression: text
snapshot_kind: text
---
 Directory actions dialog                                                                              [?] Show keymap 
[Browser]                                   ▐[Editor]                                                                   
 󰝰 Notes                                    ▐ 1 Welcome to Glues!                                                       
   󱇗 Sample Note                            ▐ 2                                                                         
                                            ▐ 3 Press `?` to see keymaps and shortcuts.                                 
                                            ▐ 4 Press `m` in the note tree to create notes or directories.              
                                            ▐ 5 Press `Enter` on a note to open it and start writing.                   
                                            ▐ 6                                                                         
                                            ▐ 7 GitHub: https://github.com/gluesql/glues                                
                                            ▐                                                                           
                                            ▐                                                                           
                                            ▐                                                                           
                                            ▐                                                                           
                                            ▐                                                                           
                                            ▐                                                                           
                              ┌──────────────────────────Prompt───────────────────────────┐                             
                              │                                                           │                             
                              │  Enter directory name:                                    │                             
                              │  ┌─────────────────────────────────────────────────────┐  │                             
                              │  │                                                     │  │                             
                              │  └─────────────────────────────────────────────────────┘  │                             
                              │                                                           │                             
                              │  [Enter] Submit                                           │                             
                              │  [Esc] Cancel                                             │                             
                              │                                                           │                             
                              └───────────────────────────────────────────────────────────┘                             
                                            ▐                                                                           
                                            ▐                                                                           
                                            ▐                                                                           
                                            ▐                                                                           
                                            ▐                                                                           
                                            ▐                                                                           
                                            ▐                                                                           
                                            ▐                                                                           
                                            ▐                                                                           
                                            ▐                                                                           
                                            ▐                                                                           
                                            ▐                                                                           
                                            ▐                                                                           
                                            ▐
